
> portafolio@0.1.0 build
> next build

Γû▓ Next.js 16.2.1 (Turbopack)

  Creating an optimized production build ...
Γ£ô Compiled successfully in 10.6s
  Running TypeScript ...
  Finished TypeScript in 5.8s ...
  Collecting page data using 7 workers ...
  Generating static pages using 7 workers (0/6) ...
node.exe : Error occurred prerendering page "/admin". Read 
more: https://nextjs.org/docs/messages/prerender-error
At line:1 char:1
+ & "C:\Program Files\nodejs/node.exe" "C:\Program 
Files\nodejs/node_mo ...
+ ~~~~~~~~~~~~~~~~~~~~~~~~~~~~~~~~~~~~~~~~~~~~~~~~~~~~~~~~~~~~
~~~~~~~~~
    + CategoryInfo          : NotSpecified: (Error occurred . 
   ..prerender-error:String) [], RemoteException
    + FullyQualifiedErrorId : NativeCommandError
 
TypeError: Cannot read properties of undefined (reading 
'split')
    at j (C:\Users\eliasr\Videos\Portafolio Modular\.next\serv
er\chunks\ssr\[root-of-the-server]__07jtzbs._.js:1:4820) {
  digest: '1969167196'
}
Export encountered an error on /admin/page: /admin, exiting 
the build.
Γ¿» Next.js build worker exited with code: 1 and signal: null
